
           ╭───────╮
           │ start │
           ╰──┬─┬──╯
              │ │
  ╭───────────╯╭┴───────────────╮
  │            │                │
  │  ┌ A side ┈╂┈┈┈┈┐           │
  │  ┊         │    ┊           │
  │  ┊         ▼    ┊           │
  │  ┊      ╭────╮  ┊           │
  │  ┊      │ a0 │  ┊           │
  │  ┊      ╰──┬─╯  ┊           │
  │  ┊         │    ┊           │
  │  ┊         │    ┊ [34;49m┌ [39;49mB side [34;49m┈[39;49m╂[34;49m┈┈┈┈┐[0m
  │  ┊         │    ┊ [34;49m┊         [39;49m│    [34;49m┊[0m
  │  ┊         ▼    ┊ [34;49m┊         [39;49m▼    [34;49m┊[0m
  │  ┊      ╭────╮  ┊ [34;49m┊      [39;49m╭────╮  [34;49m┊[0m
  │  ┊      │ a1 │  ┊ [34;49m┊      [39;49m│ b0 │  [34;49m┊[0m
  │  ┊      ╰──┬┬╯  ┊ [34;49m┊      [39;49m╰──┬─╯  [34;49m┊[0m
  │  ┊         ││   ┊ [34;49m┊         [39;49m│    [34;49m┊[0m
  │  ┊         │╰───╂─╂───────╮ │    [34;49m┊[0m
  │  ┊         │    ┊ [34;49m┊       [39;49m│ │    [34;49m┊[0m
  │  ┊         ▼    ┊ [34;49m┊       [39;49m▼ ▼    [34;49m┊[0m
  │  ┊      ╭────╮  ┊ [34;49m┊      [39;49m╭────╮  [34;49m┊[0m
  │  ┊      │ a2 │  ┊ [34;49m┊      [39;49m│ b1 │  [34;49m┊[0m
  │  ┊      ╰──┬─╯  ┊ [34;49m┊      [39;49m╰──┬─╯  [34;49m┊[0m
  │  ┊         │    ┊ [34;49m┊         [39;49m│    [34;49m┊[0m
  │  └┈┈┈┈┈┈┈┈┈╂┈┈┈┈┘ [34;49m└┈┈┈┈┈┈┈┈┈[39;49m╂[34;49m┈┈┈┈┘[0m
  │            │                │
  │            ╰┬───────────────╯
  ╰───────────╮ │
              │ │
              ▼ ▼
            ╭─────╮
            │ end │
            ╰─────╯

