
          ┌─────────┐
          │[39;43m  [30;43mLorem  [39;49m│
          │[39;43m  [30;43mIpsum  [39;49m│
          │[39;43m [30;43mDolorem [39;49m│
          └─┬──┬────┘
            │  [34;49m│ [39;49m▲
      ╭─────╯  [34;49m│ [39;49m╰─╮
      ▼        [34;49m▼   [39;49m│
 ╭─────────╮ ┌───┐ │
 │[39;101m [30;101mIgnitus [39;49m│ │ C │ │
 ╰────┬────╯ └─┬─┘ │
      [92;49m│        [39;49m│   │
      [92;49m╰───────╮[39;49m│╭──╯
              [92;49m▼[39;49m▼│
             ╭──┴╮
             │ D │
             ╰───╯

