
                        ╭─────────╮
                        │checkout │
                        ╰──┬──┬───╯
                           │  │
                    ╭──────╯  ╰────────────╮
                    │                      │
                    ▼                      ▼
                 ╭──────╮               ╭─────╮
                 │build │               │lint │
                 ╰─┬─┬──╯               ╰──┬──╯
                   │ │                     ┊
           ╭───────╯ ╰───────╮             ┊
           │                 │             ┊
[34;49m┌ [39;49mtest [34;49m┈┈┈┈[39;49m╂[34;49m┈┈┈┈┈┈┈┈┈┈┈┈┈┈┈┈┈[39;49m╂[34;49m┈┈┈┈┈┈┈┈┈┈┈┐ [39;49m┊
[34;49m┊          [39;49m│                 │           [34;49m┊ [39;49m┊
[34;49m┊          [39;49m▼                 ▼           [34;49m┊ [39;49m┊
[34;49m┊       [39;49m╭─────╮        ╭────────────╮    [34;49m┊ [39;49m┊
[34;49m┊       [39;49m│unit │        │integration │    [34;49m┊ [39;49m┊
[34;49m┊       [39;49m╰──┬──╯        ╰─────┬──────╯    [34;49m┊ [39;49m┊
[34;49m┊          [39;49m│                 │           [34;49m┊ [39;49m┊
[34;49m└┈┈┈┈┈┈┈┈┈┈[39;49m╂[34;49m┈┈┈┈┈┈┈┈┈┈┈┈┈┈┈┈┈[39;49m╂[34;49m┈┈┈┈┈┈┈┈┈┈┈┘ [39;49m┊
           │                 │             ┊
           │                 │ slow        ┊
           │                 │             ┊
           ╰───────────────╮ │ ┌┈┈┈┈┈┈┈┈┈┈┈┘
                           │ │ ┊
                           ▼ ▼ ▼
                         ┌───────┐
                         │review │
                         └───┬───┘
                             [32;49m│[0m
                             [32;49m│ [39;49mapprove
                             [32;49m│[0m
                             [32;49m▼[0m
                         ╭───────╮
                         │[30;102mdeploy [39;49m│
                         ╰───────╯

