
     ●
     ▼
   ╭───╮
   │s0 │
   ╰───╯
     ││
     │╰─────╮
     │      │
     │ -    │
     │      │
     ▼      │
   ╭───╮    │
   │s1 │    │ 0-9
   ╰───╯    │
     │      │
     │ 0-9  │
     │      │
     │╭─────╯
     ││
     ▼▼
  ╔════╗
  ║[39;102m    [39;49m║
  ║[39;102m    [39;49m╟────╮
  ║[39;102m [30;102ms2 [39;49m║    │ 0-9
  ║[39;102m    [39;49m║◀───╯
  ║[39;102m    [39;49m║
  ╚════╝
     │
     │ .
     │
     ▼
   ╭───╮
   │s3 │
   ╰───╯
     │
     │ 0-9
     │
     ▼
  ╔════╗
  ║[39;102m    [39;49m║
  ║[39;102m    [39;49m╟────╮
  ║[39;102m [30;102ms4 [39;49m║    │ 0-9
  ║[39;102m    [39;49m║◀───╯
  ║[39;102m    [39;49m║
  ╚════╝

